Node 20 is being deprecated. This workflow is running with Node 24 by default. If you need to temporarily use Node 20, you can set the ACTIONS_ALLOW_USE_UNSECURE_NODE_VERSION=true environment variable. For more information see: https://github.blog/changelog/2025-09-19-deprecation-of-node-20-on-github-actions-runners/
Run python -m pip install --upgrade pip
  python -m pip install --upgrade pip
  if [ -f requirements.txt ]; then pip install -r requirements.txt; fi
  shell: /usr/bin/bash -e {0}
  env:
    pythonLocation: /opt/hostedtoolcache/Python/3.11.13/x64
    PKG_CONFIG_PATH: /opt/hostedtoolcache/Python/3.11.13/x64/lib/pkgconfig
    Python_ROOT_DIR: /opt/hostedtoolcache/Python/3.11.13/x64
    Python2_ROOT_DIR: /opt/hostedtoolcache/Python/3.11.13/x64
    Python3_ROOT_DIR: /opt/hostedtoolcache/Python/3.11.13/x64
    LD_LIBRARY_PATH: /opt/hostedtoolcache/Python/3.11.13/x64/lib
Requirement already satisfied: pip in /opt/hostedtoolcache/Python/3.11.13/x64/lib/python3.11/site-packages (24.0)
Collecting pip
  Downloading pip-25.2-py3-none-any.whl.metadata (4.7 kB)
Downloading pip-25.2-py3-none-any.whl (1.8 MB)
   ━━━━━━━━━━━━━━━━━━━━━━━━━━━━━━━━━━━━━━━━ 1.8/1.8 MB 41.2 MB/s eta 0:00:00
Installing collected packages: pip
  Attempting uninstall: pip
    Found existing installation: pip 24.0
    Uninstalling pip-24.0:
      Successfully uninstalled pip-24.0
Successfully installed pip-25.2
Collecting fastapi==0.115.0 (from -r requirements.txt (line 1))
  Downloading fastapi-0.115.0-py3-none-any.whl.metadata (27 kB)
Collecting uvicorn==0.30.6 (from uvicorn[standard]==0.30.6->-r requirements.txt (line 2))
  Downloading uvicorn-0.30.6-py3-none-any.whl.metadata (6.6 kB)
Collecting pydantic==2.9.2 (from -r requirements.txt (line 3))
  Downloading pydantic-2.9.2-py3-none-any.whl.metadata (149 kB)
ERROR: Could not find a version that satisfies the requirement httpx==99.0.0 (from versions: 0.6.7, 0.6.8, 0.7.0, 0.7.1, 0.7.2, 0.7.3, 0.7.4, 0.7.5, 0.7.6, 0.7.7, 0.7.8, 0.8.0, 0.9.0, 0.9.1, 0.9.2, 0.9.3, 0.9.4, 0.9.5, 0.10.0, 0.10.1, 0.11.0, 0.11.1, 0.12.0, 0.12.1, 0.13.dev0, 0.13.0.dev1, 0.13.0.dev2, 0.13.0, 0.13.1, 0.13.2, 0.13.3, 0.14.0, 0.14.1, 0.14.2, 0.14.3, 0.15.0, 0.15.1, 0.15.2, 0.15.3, 0.15.4, 0.15.5, 0.16.0, 0.16.1, 0.17.0, 0.17.1, 0.18.0, 0.18.1, 0.18.2, 0.19.0, 0.20.0, 0.21.0, 0.21.1, 0.21.2, 0.21.3, 0.22.0, 0.23.0, 0.23.1, 0.23.2, 0.23.3, 0.24.0, 0.24.1, 0.25.0, 0.25.1, 0.25.2, 0.26.0, 0.27.0, 0.27.1, 0.27.2, 0.28.0, 0.28.1, 1.0.dev1, 1.0.dev2, 1.0.dev3)
ERROR: No matching distribution found for httpx==99.0.0
Error: Process completed with exit code 1.
