Node 20 is being deprecated. This workflow is running with Node 24 by default. If you need to temporarily use Node 20, you can set the ACTIONS_ALLOW_USE_UNSECURE_NODE_VERSION=true environment variable. For more information see: https://github.blog/changelog/2025-09-19-deprecation-of-node-20-on-github-actions-runners/
Run pytest
  pytest
  shell: /usr/bin/bash -e {0}
  env:
    pythonLocation: /opt/hostedtoolcache/Python/3.11.13/x64
    PKG_CONFIG_PATH: /opt/hostedtoolcache/Python/3.11.13/x64/lib/pkgconfig
    Python_ROOT_DIR: /opt/hostedtoolcache/Python/3.11.13/x64
    LD_LIBRARY_PATH: /opt/hostedtoolcache/Python/3.11.13/x64/lib
============================= test session starts ==============================
platform linux -- Python 3.11.13, pytest-8.3.3, pluggy-1.6.0
rootdir: /home/runner/work/expense-tracker-api/expense-tracker-api
plugins: anyio-4.14.2
collected 16 items

tests/test_api.py ........F.......                                       [100%]

=================================== FAILURES ===================================
_________________________ test_delete_existing_expense _________________________

client = <starlette.testclient.TestClient object at 0x7fa16923bfe0>

    def test_delete_existing_expense(client):
        _add_expense(client, 10, "USD")
        expense_id = client.get("/expenses").json()[0]["id"]
        response = client.delete(f"/expenses/{expense_id}")
>       assert response.status_code == 200
E       assert 404 == 200
E        +  where 404 = <Response [404 Not Found]>.status_code

tests/test_api.py:84: AssertionError
=========================== short test summary info ============================
FAILED tests/test_api.py::test_delete_existing_expense - assert 404 == 200
========================= 1 failed, 15 passed in 0.27s =========================
Error: Process completed with exit code 1.
