Node 20 is being deprecated. This workflow is running with Node 24 by default. If you need to temporarily use Node 20, you can set the ACTIONS_ALLOW_USE_UNSECURE_NODE_VERSION=true environment variable. For more information see: https://github.blog/changelog/2025-09-19-deprecation-of-node-20-on-github-actions-runners/
Run pytest
  pytest
  shell: /usr/bin/bash -e {0}
  env:
    pythonLocation: /opt/hostedtoolcache/Python/3.11.13/x64
    PKG_CONFIG_PATH: /opt/hostedtoolcache/Python/3.11.13/x64/lib/pkgconfig
    Python_ROOT_DIR: /opt/hostedtoolcache/Python/3.11.13/x64
    LD_LIBRARY_PATH: /opt/hostedtoolcache/Python/3.11.13/x64/lib
============================= test session starts ==============================
platform linux -- Python 3.11.13, pytest-8.3.3, pluggy-1.6.0
rootdir: /home/runner/work/expense-tracker-api/expense-tracker-api
plugins: anyio-4.14.2
collected 16 items

tests/test_api.py .....F..........                                       [100%]

=================================== FAILURES ===================================
___________________ test_create_expense_rejects_invalid_date ___________________

client = <starlette.testclient.TestClient object at 0x7f318a3d9c70>

    def test_create_expense_rejects_invalid_date(client):
        response = client.post(
            "/expenses",
            json={"amount": 10, "currency": "USD", "category": "test", "date": "not-a-date"},
        )
>       assert response.status_code == 422
E       assert 200 == 422
E        +  where 200 = <Response [200 OK]>.status_code

tests/test_api.py:58: AssertionError
=========================== short test summary info ============================
FAILED tests/test_api.py::test_create_expense_rejects_invalid_date - assert 2...
========================= 1 failed, 15 passed in 0.26s =========================
Error: Process completed with exit code 1.
