Node 20 is being deprecated. This workflow is running with Node 24 by default. If you need to temporarily use Node 20, you can set the ACTIONS_ALLOW_USE_UNSECURE_NODE_VERSION=true environment variable. For more information see: https://github.blog/changelog/2025-09-19-deprecation-of-node-20-on-github-actions-runners/
Run pytest
  pytest
  shell: /usr/bin/bash -e {0}
  env:
    pythonLocation: /opt/hostedtoolcache/Python/3.11.13/x64
    PKG_CONFIG_PATH: /opt/hostedtoolcache/Python/3.11.13/x64/lib/pkgconfig
    Python_ROOT_DIR: /opt/hostedtoolcache/Python/3.11.13/x64
    LD_LIBRARY_PATH: /opt/hostedtoolcache/Python/3.11.13/x64/lib
============================= test session starts ==============================
platform linux -- Python 3.11.13, pytest-8.3.3, pluggy-1.6.0
rootdir: /home/runner/work/expense-tracker-api/expense-tracker-api
plugins: anyio-4.14.2
collected 16 items

tests/test_api.py .......FF..FFFFF                                       [100%]

=================================== FAILURES ===================================
_______________________ test_list_expenses_returns_added _______________________

client = <starlette.testclient.TestClient object at 0x7fd36d03f0b0>

    def test_list_expenses_returns_added(client):
        _add_expense(client, 10, "USD")
        _add_expense(client, 20, "EUR")
        rows = client.get("/expenses").json()
>       assert len(rows) == 2
E       AssertionError: assert 4 == 2
E        +  where 4 = len([{'amount': 10.0, 'category': 'test', 'currency': 'USD', 'date': '2026-07-25', ...}, {'amount': 10.0, 'category': 'tes... 'EUR', 'date': '2026-07-25', ...}, {'amount': 20.0, 'category': 'test', 'currency': 'EUR', 'date': '2026-07-25', ...}])

tests/test_api.py:73: AssertionError
_________________________ test_delete_existing_expense _________________________

client = <starlette.testclient.TestClient object at 0x7fd36d03f350>

    def test_delete_existing_expense(client):
        _add_expense(client, 10, "USD")
        expense_id = client.get("/expenses").json()[0]["id"]
        response = client.delete(f"/expenses/{expense_id}")
        assert response.status_code == 200
>       assert client.get("/expenses").json() == []
E       AssertionError: assert [{'amount': 1...-07-25', ...}] == []
E         
E         Left contains one more item: {'amount': 10.0, 'category': 'test', 'currency': 'USD', 'date': '2026-07-25', ...}
E         Use -v to get more diff

tests/test_api.py:85: AssertionError
_____________________ test_total_base_currency_added_as_is _____________________

client = <starlette.testclient.TestClient object at 0x7fd36d0e7a10>
mock_rates = None

    def test_total_base_currency_added_as_is(client, mock_rates):
        # A USD expense with base USD should count at face value (no conversion).
        _add_expense(client, 100, "USD")
        body = client.get("/expenses/total?base_currency=USD").json()
>       assert body["total"] == 100.0
E       assert 200.0 == 100.0

tests/test_api.py:107: AssertionError
_____________________ test_total_converts_foreign_currency _____________________

client = <starlette.testclient.TestClient object at 0x7fd36d0e4aa0>
mock_rates = None

    def test_total_converts_foreign_currency(client, mock_rates):
        # 1000 INR at fake rate 100.0 (1 USD = 100 INR) => 10 USD.
        _add_expense(client, 1000, "INR")
        body = client.get("/expenses/total?base_currency=USD").json()
>       assert body["total"] == 10.0
E       assert 20.0 == 10.0

tests/test_api.py:115: AssertionError
_________________________ test_total_mixed_currencies __________________________

client = <starlette.testclient.TestClient object at 0x7fd36d03f890>
mock_rates = None

    def test_total_mixed_currencies(client, mock_rates):
        # 100 USD (as-is) + 1000 INR (=>10) + 100 SEK (rate 10 => 10) = 120 USD.
        _add_expense(client, 100, "USD")
        _add_expense(client, 1000, "INR")
        _add_expense(client, 100, "SEK")
        body = client.get("/expenses/total?base_currency=USD").json()
>       assert body["total"] == 120.0
E       assert 240.0 == 120.0

tests/test_api.py:124: AssertionError
______________________ test_total_skips_unknown_currency _______________________

client = <starlette.testclient.TestClient object at 0x7fd36d0e1850>
mock_rates = None

    def test_total_skips_unknown_currency(client, mock_rates):
        # XYZ isn't in the fake rates -> skipped and reported, not crashed.
        _add_expense(client, 100, "USD")
        _add_expense(client, 50, "XYZ")
        body = client.get("/expenses/total?base_currency=USD").json()
>       assert body["total"] == 100.0
E       assert 200.0 == 100.0

tests/test_api.py:133: AssertionError
----------------------------- Captured stdout call -----------------------------
Warning: unknown currency XYZ, skipping amount 50.0
Warning: unknown currency XYZ, skipping amount 50.0
__________________ test_total_base_currency_case_insensitive ___________________

client = <starlette.testclient.TestClient object at 0x7fd36d0e07d0>
mock_rates = None

    def test_total_base_currency_case_insensitive(client, mock_rates):
        # Lowercase base_currency should behave the same as uppercase.
        _add_expense(client, 100, "USD")
        body = client.get("/expenses/total?base_currency=usd").json()
>       assert body["total"] == 100.0
E       assert 200.0 == 100.0

tests/test_api.py:144: AssertionError
=========================== short test summary info ============================
FAILED tests/test_api.py::test_list_expenses_returns_added - AssertionError: ...
FAILED tests/test_api.py::test_delete_existing_expense - AssertionError: asse...
FAILED tests/test_api.py::test_total_base_currency_added_as_is - assert 200.0...
FAILED tests/test_api.py::test_total_converts_foreign_currency - assert 20.0 ...
FAILED tests/test_api.py::test_total_mixed_currencies - assert 240.0 == 120.0
FAILED tests/test_api.py::test_total_skips_unknown_currency - assert 200.0 ==...
FAILED tests/test_api.py::test_total_base_currency_case_insensitive - assert ...
========================= 7 failed, 9 passed in 0.35s ==========================
Error: Process completed with exit code 1.
