============================= test session starts ==============================
platform darwin -- Python 3.11.9, pytest-8.3.3, pluggy-1.6.0 -- /Users/roshanpandey/Python Projects/expense-tracker-api/venv/bin/python
cachedir: .pytest_cache
rootdir: /Users/roshanpandey/Python Projects/expense-tracker-api
plugins: anyio-4.14.2
collecting ... collected 16 items

tests/test_api.py::test_root_health_check PASSED                         [  6%]
tests/test_api.py::test_create_expense_succeeds PASSED                   [ 12%]
tests/test_api.py::test_create_expense_normalizes_currency_to_uppercase PASSED [ 18%]
tests/test_api.py::test_create_expense_rejects_zero_amount PASSED        [ 25%]
tests/test_api.py::test_create_expense_rejects_negative_amount PASSED    [ 31%]
tests/test_api.py::test_create_expense_rejects_invalid_date PASSED       [ 37%]
tests/test_api.py::test_list_expenses_empty PASSED                       [ 43%]
tests/test_api.py::test_list_expenses_returns_added PASSED               [ 50%]
tests/test_api.py::test_delete_existing_expense PASSED                   [ 56%]
tests/test_api.py::test_delete_nonexistent_expense_returns_404 PASSED    [ 62%]
tests/test_api.py::test_total_empty_db_is_zero PASSED                    [ 68%]
tests/test_api.py::test_total_base_currency_added_as_is PASSED           [ 75%]
tests/test_api.py::test_total_converts_foreign_currency FAILED           [ 81%]
tests/test_api.py::test_total_mixed_currencies FAILED                    [ 87%]
tests/test_api.py::test_total_skips_unknown_currency PASSED              [ 93%]
tests/test_api.py::test_total_base_currency_case_insensitive PASSED      [100%]

=================================== FAILURES ===================================
_____________________ test_total_converts_foreign_currency _____________________

client = <starlette.testclient.TestClient object at 0x10839e490>
mock_rates = None

    def test_total_converts_foreign_currency(client, mock_rates):
        # 1000 INR at fake rate 100.0 (1 USD = 100 INR) => 10 USD.
        _add_expense(client, 1000, "INR")
        body = client.get("/expenses/total?base_currency=USD").json()
>       assert body["total"] == 10.0
E       assert 100000.0 == 10.0

tests/test_api.py:115: AssertionError
_________________________ test_total_mixed_currencies __________________________

client = <starlette.testclient.TestClient object at 0x10831cbd0>
mock_rates = None

    def test_total_mixed_currencies(client, mock_rates):
        # 100 USD (as-is) + 1000 INR (=>10) + 100 SEK (rate 10 => 10) = 120 USD.
        _add_expense(client, 100, "USD")
        _add_expense(client, 1000, "INR")
        _add_expense(client, 100, "SEK")
        body = client.get("/expenses/total?base_currency=USD").json()
>       assert body["total"] == 120.0
E       assert 101100.0 == 120.0

tests/test_api.py:124: AssertionError
=========================== short test summary info ============================
FAILED tests/test_api.py::test_total_converts_foreign_currency - assert 10000...
FAILED tests/test_api.py::test_total_mixed_currencies - assert 101100.0 == 120.0
========================= 2 failed, 14 passed in 0.10s =========================
