Node 20 is being deprecated. This workflow is running with Node 24 by default. If you need to temporarily use Node 20, you can set the ACTIONS_ALLOW_USE_UNSECURE_NODE_VERSION=true environment variable. For more information see: https://github.blog/changelog/2025-09-19-deprecation-of-node-20-on-github-actions-runners/
Run python -m pip install --upgrade pip
  python -m pip install --upgrade pip
  if [ -f requirements.txt ]; then pip install -r requirements.txt; fi
  shell: /usr/bin/bash -e {0}
  env:
    pythonLocation: /opt/hostedtoolcache/Python/3.11.13/x64
    PKG_CONFIG_PATH: /opt/hostedtoolcache/Python/3.11.13/x64/lib/pkgconfig
    Python_ROOT_DIR: /opt/hostedtoolcache/Python/3.11.13/x64
    LD_LIBRARY_PATH: /opt/hostedtoolcache/Python/3.11.13/x64/lib
Requirement already satisfied: pip in /opt/hostedtoolcache/Python/3.11.13/x64/lib/python3.11/site-packages (24.0)
Collecting pip
  Downloading pip-25.2-py3-none-any.whl.metadata (4.7 kB)
Downloading pip-25.2-py3-none-any.whl (1.8 MB)
   ━━━━━━━━━━━━━━━━━━━━━━━━━━━━━━━━━━━━━━━━ 1.8/1.8 MB 44.6 MB/s eta 0:00:00
Installing collected packages: pip
  Attempting uninstall: pip
    Found existing installation: pip 24.0
    Uninstalling pip-24.0:
      Successfully uninstalled pip-24.0
Successfully installed pip-25.2
Collecting fastapi==0.115.0 (from -r requirements.txt (line 1))
  Downloading fastapi-0.115.0-py3-none-any.whl.metadata (27 kB)
Collecting starlette==0.27.0 (from -r requirements.txt (line 2))
  Downloading starlette-0.27.0-py3-none-any.whl.metadata (5.8 kB)
Collecting uvicorn==0.30.6 (from uvicorn[standard]==0.30.6->-r requirements.txt (line 3))
  Downloading uvicorn-0.30.6-py3-none-any.whl.metadata (6.6 kB)
Collecting pydantic==2.9.2 (from -r requirements.txt (line 4))
  Downloading pydantic-2.9.2-py3-none-any.whl.metadata (149 kB)
     ━━━━━━━━━━━━━━━━━━━━━━━━━━━━━━━━━━━━━━ 149.4/149.4 kB 19.8 MB/s eta 0:00:00
Collecting httpx==0.27.2 (from -r requirements.txt (line 5))
  Downloading httpx-0.27.2-py3-none-any.whl.metadata (7.1 kB)
Collecting pytest==8.3.3 (from -r requirements.txt (line 6))
  Downloading pytest-8.3.3-py3-none-any.whl.metadata (7.5 kB)
INFO: pip is looking at multiple versions of fastapi to determine which version is compatible with other requirements. This could take a while.
ERROR: Cannot install -r requirements.txt (line 1) and starlette==0.27.0 because these package versions have conflicting dependencies.

The conflict is caused by:
    The user requested starlette==0.27.0
    fastapi 0.115.0 depends on starlette<0.39.0 and >=0.37.2

To fix this you could try to:
1. loosen the range of package versions you've specified
2. remove package versions to allow pip attempt to solve the dependency conflict

ERROR: ResolutionImpossible: for help visit https://pip.pypa.io/en/latest/topics/dependency-resolution/#dealing-with-dependency-conflicts
Error: Process completed with exit code 1.
