Node 20 is being deprecated. This workflow is running with Node 24 by default. If you need to temporarily use Node 20, you can set the ACTIONS_ALLOW_USE_UNSECURE_NODE_VERSION=true environment variable. For more information see: https://github.blog/changelog/2025-09-19-deprecation-of-node-20-on-github-actions-runners/
Run python -m pip install --upgrade pip
  python -m pip install --upgrade pip
  if [ -f requirements.txt ]; then pip install -r requirements.txt; fi
  shell: /usr/bin/bash -e {0}
  env:
    pythonLocation: /opt/hostedtoolcache/Python/3.11.13/x64
Requirement already satisfied: pip in /opt/hostedtoolcache/Python/3.11.13/x64/lib/python3.11/site-packages (24.0)
Collecting fastapi==0.115.0 (from -r requirements.txt (line 1))
  Downloading fastapi-0.115.0-py3-none-any.whl.metadata (27 kB)
Collecting uvicorn==0.30.6 (from uvicorn[standard]==0.30.6->-r requirements.txt (line 2))
  Downloading uvicorn-0.30.6-py3-none-any.whl.metadata (6.6 kB)
Collecting pydantic==2.9.2 (from -r requirements.txt (line 3))
  Downloading pydantic-2.9.2-py3-none-any.whl.metadata (149 kB)
Collecting httpx==0.27.2 (from -r requirements.txt (line 4))
  Downloading httpx-0.27.2-py3-none-any.whl.metadata (7.1 kB)
Downloading fastapi-0.115.0-py3-none-any.whl (94 kB)
   ━━━━━━━━━━━━━━━━━━━━━━━━━━━━━━━━━━━━━━━━ 94.6/94.6 kB 12.1 MB/s eta 0:00:00
Downloading pydantic-2.9.2-py3-none-any.whl (434 kB)
   ━━━━━━━━━━━━━━━╸                          178.2/434.9 kB 2.1 MB/s eta 0:02:04
WARNING: Retrying (Retry(total=4, connect=None, read=None, redirect=None, status=None)) after connection broken by 'ReadTimeoutError("HTTPSConnectionPool(host='files.pythonhosted.org', port=443): Read timed out. (read timeout=15)")': /packages/df/e4/ba44652d562cbf0bf320e0f3810206149c8a4e99cdbf66da82e97ab53a15/pydantic-2.9.2-py3-none-any.whl
WARNING: Retrying (Retry(total=3, connect=None, read=None, redirect=None, status=None)) after connection broken by 'ReadTimeoutError("HTTPSConnectionPool(host='files.pythonhosted.org', port=443): Read timed out. (read timeout=15)")': /packages/df/e4/ba44652d562cbf0bf320e0f3810206149c8a4e99cdbf66da82e97ab53a15/pydantic-2.9.2-py3-none-any.whl
WARNING: Retrying (Retry(total=2, connect=None, read=None, redirect=None, status=None)) after connection broken by 'ReadTimeoutError("HTTPSConnectionPool(host='files.pythonhosted.org', port=443): Read timed out. (read timeout=15)")': /packages/df/e4/ba44652d562cbf0bf320e0f3810206149c8a4e99cdbf66da82e97ab53a15/pydantic-2.9.2-py3-none-any.whl
ERROR: Exception:
Traceback (most recent call last):
  File "/opt/hostedtoolcache/Python/3.11.13/x64/lib/python3.11/site-packages/pip/_vendor/urllib3/response.py", line 438, in _error_catcher
    yield
  File "/opt/hostedtoolcache/Python/3.11.13/x64/lib/python3.11/site-packages/pip/_vendor/urllib3/response.py", line 561, in read
    data = self._fp_read(amt) if not fp_closed else b""
           ^^^^^^^^^^^^^^^^^^
  File "/opt/hostedtoolcache/Python/3.11.13/x64/lib/python3.11/site-packages/pip/_vendor/urllib3/response.py", line 527, in _fp_read
    return self._fp.read(amt) if amt is not None else self._fp.read()
           ^^^^^^^^^^^^^^^^^^
socket.timeout: The read operation timed out
pip._vendor.urllib3.exceptions.ReadTimeoutError: HTTPSConnectionPool(host='files.pythonhosted.org', port=443): Read timed out.
Error: Process completed with exit code 1.
