Node 20 is being deprecated. This workflow is running with Node 24 by default. If you need to temporarily use Node 20, you can set the ACTIONS_ALLOW_USE_UNSECURE_NODE_VERSION=true environment variable. For more information see: https://github.blog/changelog/2025-09-19-deprecation-of-node-20-on-github-actions-runners/
Run python -m pip install --upgrade pip
  python -m pip install --upgrade pip
  if [ -f requirements.txt ]; then pip install -r requirements.txt; fi
  shell: /usr/bin/bash -e {0}
Collecting fastapi==0.115.0 (from -r requirements.txt (line 1))
  Downloading fastapi-0.115.0-py3-none-any.whl.metadata (27 kB)
Collecting uvicorn==0.30.6 (from uvicorn[standard]==0.30.6->-r requirements.txt (line 2))
  Downloading uvicorn-0.30.6-py3-none-any.whl.metadata (6.6 kB)
Downloading fastapi-0.115.0-py3-none-any.whl (94 kB)
Downloading uvloop-0.22.1-cp311-cp311-manylinux2014_x86_64.manylinux_2_17_x86_64.whl (4.4 MB)
ERROR: Could not install packages due to an OSError: [Errno 28] No space left on device

Installing collected packages: uvloop, websockets, sniffio, iniconfig, h11
ERROR: Exception:
Traceback (most recent call last):
  File "/opt/hostedtoolcache/Python/3.11.13/x64/lib/python3.11/shutil.py", line 197, in _fastcopy_sendfile
    sent = os.sendfile(outfd, infd, offset, blocksize)
           ^^^^^^^^^^^^^^^^^^^^^^^^^^^^^^^^^^^^^^^^^^
OSError: [Errno 28] No space left on device: '/opt/hostedtoolcache/Python/3.11.13/x64/lib/python3.11/site-packages/uvloop/loop.cpython-311-x86_64-linux-gnu.so'
Error: Process completed with exit code 1.
